[Licensing::Module] Trying to connect to existing licensing client channel...
Built from '6000.3/staging' branch; Version is '6000.3.17f1 (cf0352b38e81) revision 13566802'; Using compiler version '194234433'; Build Type 'Release'
OS: 'Windows 11  (10.0.26200) Professional' Language: 'tr' Physical Memory: 16126 MB
BatchMode: 1, IsHumanControllingUs: 0, StartBugReporterOnCrash: 0, Is64bit: 1
[Licensing::IpcConnector] Successfully connected to: "LicenseClient-MONSTER" at "2026-06-16T01:01:16.8410177Z"
System  architecture: x64
Process architecture: x64
Date: 2026-06-16T01:01:16Z

COMMAND LINE ARGUMENTS:
C:\Program Files\Unity\Hub\Editor\6000.3.17f1\Editor\Unity.exe
-batchmode
-nographics
-quit
-projectPath
C:\Users\MONSTER\BonkSurvivor
-logFile
C:\Users\MONSTER\BonkSurvivor\compile.log
Successfully changed project path to: C:\Users\MONSTER\BonkSurvivor
C:/Users/MONSTER/BonkSurvivor
Exiting without the bug reporter. Application will terminate with return code 1